---
source: tests/test_check_insta.rs
expression: "&jv.value"
---
{
  "normal": {
    "Definitions (outerNS::AbstractArt)": [
      {
        "path": "big_cpp.cpp",
        "lines": [
          {
            "lno": 431,
            "bounds": [
              6,
              17
            ],
            "line": "class AbstractArt : public Thing {",
            "context": "",
            "contextsym": "",
            "peekRange": "431-431"
          }
        ]
      }
    ],
    "Superclasses (outerNS::AbstractArt)": [
      {
        "path": "big_cpp.cpp",
        "lines": [
          {
            "lno": 149,
            "bounds": [
              6,
              17
            ],
            "line": "class Thing {",
            "context": "",
            "contextsym": "",
            "peekRange": "149-149",
            "upsearch": "symbol:T_outerNS::Thing"
          }
        ]
      }
    ],
    "Subclasses (outerNS::AbstractArt)": [
      {
        "path": "big_cpp.cpp",
        "lines": [
          {
            "lno": 441,
            "bounds": [
              6,
              17
            ],
            "line": "class PracticalArt : public AbstractArt {",
            "context": "",
            "contextsym": "",
            "peekRange": "441-441",
            "upsearch": "symbol:T_outerNS::PracticalArt"
          }
        ]
      }
    ],
    "Uses (outerNS::AbstractArt)": [
      {
        "path": "big_cpp.cpp",
        "lines": [
          {
            "lno": 444,
            "bounds": [
              2,
              13
            ],
            "line": ": AbstractArt() {}",
            "context": "outerNS::PracticalArt::PracticalArt",
            "contextsym": "_ZN7outerNS12PracticalArtC1Ev"
          }
        ]
      }
    ]
  },
  "*title*": "outerNS::AbstractArt",
  "*timedout*": false
}
